EXACT_COMMIT=ffee3a057d7d4bebde26a7bf9a6294501047a021
ARCHIVE_SHA256=384d798791174bc851116202f401d8b41ff82dabdee24e910ce59c0da90022e7
OUTPUT_PID_BEFORE=992634
TEST_DEVICE=46:00000000:002e4500
=== DIRECT FRAME PROBE ===
[in#0 @ 0x5c674f2c27c0] Autodetected the input mode
[in#0 @ 0x5c674f2c27c0] Found Decklink mode 1920 x 1080 with rate 25.00(i)
[aist#0:0/pcm_s16le @ 0x5c674f2dbfc0] Guessed Channel Layout: stereo
Input #0, decklink, from '46:00000000:002e4500':
  Duration: N/A, start: 0.000000, bitrate: 830976 kb/s
  Stream #0:0: Audio: pcm_s16le, 48000 Hz, stereo, s16, 1536 kb/s
  Stream #0:1: Video: rawvideo (UYVY / 0x59565955), uyvy422(top first), 1920x1080, 829440 kb/s, 25 tbr, 1000k tbn
Stream mapping:
  Stream #0:1 -> #0:0 (rawvideo (native) -> wrapped_avframe (native))
Output #0, null, to 'pipe:':
  Metadata:
    encoder         : Lavf63.6.100
  Stream #0:0: Video: wrapped_avframe, uyvy422(top coded first (swapped)), 1920x1080, q=2-31, 200 kb/s, 25 fps, 25 tbn
    Metadata:
      encoder         : Lavc63.8.101 wrapped_avframe
frame=   14 fps=0.0 q=-0.0 size=N/A time=00:00:00.56 bitrate=N/A speed=1.12x elapsed=0:00:00.50
frame=   27 fps= 27 q=-0.0 size=N/A time=00:00:01.08 bitrate=N/A speed=1.08x elapsed=0:00:01.00
frame=   39 fps= 26 q=-0.0 size=N/A time=00:00:01.56 bitrate=N/A speed=1.04x elapsed=0:00:01.50
[out#0/null @ 0x5c674f2d5d80] video:21KiB audio:0KiB subtitle:0KiB other streams:0KiB global headers:0KiB muxing overhead: unknown
frame=   50 fps= 25 q=-0.0 Lsize=N/A time=00:00:02.00 bitrate=N/A speed=0.998x elapsed=0:00:02.00
FRAME_PROBE_RC=0
FRAME_COUNT=50
=== VBMF BACKEND LIFECYCLE ===
   Compiling proc-macro2 v1.0.107
   Compiling quote v1.0.47
   Compiling unicode-ident v1.0.24
   Compiling cfg-if v1.0.4
   Compiling libc v0.2.189
   Compiling glob v0.3.4
   Compiling prettyplease v0.2.37
   Compiling memchr v2.8.3
   Compiling serde_core v1.0.229
   Compiling minimal-lexical v0.2.1
   Compiling regex-syntax v0.8.11
   Compiling once_cell v1.21.4
   Compiling parking_lot_core v0.9.12
   Compiling autocfg v1.5.1
   Compiling either v1.18.0
   Compiling smallvec v1.15.2
   Compiling bindgen v0.70.1
   Compiling shlex v1.3.0
   Compiling getrandom v0.4.3
   Compiling rustc-hash v1.1.0
   Compiling bitflags v2.13.1
   Compiling log v0.4.34
   Compiling zmij v1.0.23
   Compiling scopeguard v1.2.0
   Compiling serde v1.0.229
   Compiling thiserror v1.0.69
   Compiling pin-project-lite v0.2.17
   Compiling serde_json v1.0.151
   Compiling libloading v0.8.9
   Compiling lazy_static v1.5.0
   Compiling anyhow v1.0.104
   Compiling lock_api v0.4.14
   Compiling thread_local v1.1.10
   Compiling sharded-slab v0.1.7
   Compiling itoa v1.0.18
   Compiling sha1_smol v1.0.1
   Compiling bytes v1.12.1
   Compiling nu-ansi-term v0.50.3
   Compiling iana-time-zone v0.1.65
   Compiling tracing-core v0.1.36
   Compiling itertools v0.13.0
   Compiling num-traits v0.2.19
   Compiling clang-sys v1.9.1
   Compiling nom v7.1.3
   Compiling tracing-log v0.2.0
   Compiling tracing-subscriber v0.3.23
   Compiling syn v2.0.119
   Compiling syn v3.0.4
   Compiling regex-automata v0.4.18
   Compiling errno v0.3.14
   Compiling mio v1.2.2
   Compiling socket2 v0.6.5
   Compiling signal-hook-registry v1.4.8
   Compiling parking_lot v0.12.5
   Compiling cexpr v0.6.0
   Compiling uuid v1.25.0
   Compiling regex v1.13.1
   Compiling serde_derive v1.0.229
   Compiling tokio-macros v2.7.2
   Compiling tokio v1.53.1
   Compiling thiserror-impl v1.0.69
   Compiling tracing-attributes v0.1.31
   Compiling tracing v0.1.44
   Compiling chrono v0.4.45
   Compiling media-agent v0.1.0 (/tmp/vbmf-rf-ff01c-O7Ub3b/services/media-agent)
warning: unused variable: `first_id`
   --> src/bin/media-agent.rs:372:21
    |
372 |                 let first_id = diag_ids.first().cloned().unwrap_or_else(|| {
    |                     ^^^^^^^^ help: if this is intentional, prefix it with an underscore: `_first_id`
    |
    = note: `#[warn(unused_variables)]` (part of `#[warn(unused)]`) on by default

warning: `media-agent` (bin "media-agent" test) generated 1 warning (run `cargo fix --bin "media-agent" -p media-agent --tests` to apply 1 suggestion)
warning: `media-agent` (bin "media-agent") generated 1 warning (1 duplicate)
    Finished `test` profile [unoptimized + debuginfo] target(s) in 23.74s
     Running unittests src/lib.rs (services/media-agent/target/debug/deps/media_agent-82141f9401cc0040)

running 1 test
test adapters::ffmpeg::tests::ffmpeg_rt_02_real_decklink_resolved_binding_lifecycle ... ok

test result: ok. 1 passed; 0 failed; 0 ignored; 0 measured; 267 filtered out; finished in 3.27s

     Running unittests src/bin/media-agent.rs (services/media-agent/target/debug/deps/media_agent-db8f48cc1fa8e8fd)

running 0 tests

test result: ok. 0 passed; 0 failed; 0 ignored; 0 measured; 0 filtered out; finished in 0.00s

     Running unittests src/bin/gates.rs (services/media-agent/target/debug/deps/media_agent_gates-e1a1a69a14ec4f6c)

running 0 tests

test result: ok. 0 passed; 0 failed; 0 ignored; 0 measured; 0 filtered out; finished in 0.00s

     Running tests/control_plane_concurrency_probe.rs (services/media-agent/target/debug/deps/control_plane_concurrency_probe-d1f7bd175af5ad8c)

running 0 tests

test result: ok. 0 passed; 0 failed; 0 ignored; 0 measured; 0 filtered out; finished in 0.00s

     Running tests/switch_fault_probe.rs (services/media-agent/target/debug/deps/switch_fault_probe-6eb6266fc3dc3413)

running 0 tests

test result: ok. 0 passed; 0 failed; 0 ignored; 0 measured; 0 filtered out; finished in 0.00s

OUTPUT_PID_AFTER=992634
FFMPEG_LEFTOVER=NONE
RF_FF_01C_BMD_DECKLINK_PASS
