[2m2026-09-17T11:22:20.650317Z[0m [32m INFO[0m [2mmedia_agent::bootstrap[0m[2m:[0m adapter selection (P0-4 运维可见) [3mprovider[0m[2m=[0m"blackmagic" [3mbackend[0m[2m=[0m"gstreamer" [3mmode[0m[2m=[0m"diagnostic"
[2m2026-09-17T11:22:20.655065Z[0m [32m INFO[0m [2mmedia_agent::bootstrap[0m[2m:[0m device discovery complete [3mcount[0m[2m=[0m3
[2m2026-09-17T11:22:20.655198Z[0m [32m INFO[0m [2mmedia_agent::bootstrap[0m[2m:[0m lease acquired [3mdevice[0m[2m=[0m4fa33dcb-5f76-5f76-aea8-330df7ada03e
[2m2026-09-17T11:22:20.655257Z[0m [32m INFO[0m [2mmedia_agent::bootstrap[0m[2m:[0m lease acquired [3mdevice[0m[2m=[0m6ede00d0-baf4-573f-a0dd-4a503bf7f766
[2m2026-09-17T11:22:20.655276Z[0m [32m INFO[0m [2mmedia_agent::bootstrap[0m[2m:[0m lease acquired [3mdevice[0m[2m=[0m1afe2dcc-6d85-5b46-b7d6-e14102501c77
[2m2026-09-17T11:22:20.655296Z[0m [32m INFO[0m [2mmedia_agent::bootstrap[0m[2m:[0m lease re-acquire correctly rejected [3merror[0m[2m=[0mdevice 4fa33dcb-5f76-5f76-aea8-330df7ada03e already leased
[2m2026-09-17T11:22:20.655327Z[0m [32m INFO[0m [2mmedia_agent::bootstrap[0m[2m:[0m supervisor initialized [3mwatched[0m[2m=[0m3
[2m2026-09-17T11:22:20.655361Z[0m [32m INFO[0m [2mmedia_agent[0m[2m:[0m SDK libDeckLinkAPI.so reachable, entry symbols present
[2m2026-09-17T11:22:24.987521Z[0m [33m WARN[0m [2mmedia_agent[0m[2m:[0m GStreamer 单设备名 探测失败 (已分类, 不再静默丢弃) [3mdevice_number[0m[2m=[0m2 [3merror[0m[2m=[0mStateFailed: device-number 2: set_state(Playing) 同步返回失败 (无 bus 错误明细)
[2m2026-09-17T11:22:24.987629Z[0m [33m WARN[0m [2mmedia_agent[0m[2m:[0m GStreamer 单设备名 探测失败 (已分类, 不再静默丢弃) [3mdevice_number[0m[2m=[0m3 [3merror[0m[2m=[0mStateFailed: device-number 3: set_state(Playing) 同步返回失败 (无 bus 错误明细)
[2m2026-09-17T11:22:24.987669Z[0m [33m WARN[0m [2mmedia_agent[0m[2m:[0m GStreamer 单设备名 探测失败 (已分类, 不再静默丢弃) [3mdevice_number[0m[2m=[0m4 [3merror[0m[2m=[0mStateFailed: device-number 4: set_state(Playing) 同步返回失败 (无 bus 错误明细)
[2m2026-09-17T11:22:24.987706Z[0m [33m WARN[0m [2mmedia_agent[0m[2m:[0m GStreamer 单设备名 探测失败 (已分类, 不再静默丢弃) [3mdevice_number[0m[2m=[0m5 [3merror[0m[2m=[0mStateFailed: device-number 5: set_state(Playing) 同步返回失败 (无 bus 错误明细)
[2m2026-09-17T11:22:24.987743Z[0m [33m WARN[0m [2mmedia_agent[0m[2m:[0m GStreamer 单设备名 探测失败 (已分类, 不再静默丢弃) [3mdevice_number[0m[2m=[0m6 [3merror[0m[2m=[0mStateFailed: device-number 6: set_state(Playing) 同步返回失败 (无 bus 错误明细)
[2m2026-09-17T11:22:24.987780Z[0m [33m WARN[0m [2mmedia_agent[0m[2m:[0m GStreamer 单设备名 探测失败 (已分类, 不再静默丢弃) [3mdevice_number[0m[2m=[0m7 [3merror[0m[2m=[0mStateFailed: device-number 7: set_state(Playing) 同步返回失败 (无 bus 错误明细)
[2m2026-09-17T11:22:24.988237Z[0m [32m INFO[0m [2mmedia_agent[0m[2m:[0m BMD SDK runtime identity (provenance) [3mdetected_sdk[0m[2m=[0msdk_include=/home/lytv/decklink-sdk-include;lib=/usr/lib/libDeckLinkAPI.so;lib_bytes=8851504
[2m2026-09-17T11:22:24.988657Z[0m [33m WARN[0m [2mmedia_agent::port[0m[2m:[0m PortId 碰撞 (derive 键不含 direction/Analog 位折叠): 证据面不拒绝, registry 装配层将 fail-closed; 专门 collision closure 待后续 change [3mport_id[0m[2m=[0me43d8f5a-94f5-5c67-8ed3-cddee15df04a [3mfirst[0m[2m=[0mInput/Sdi/Known(1)@DeckLink SDI (1) [3msecond[0m[2m=[0mOutput/Sdi/Known(1)@DeckLink SDI (1)
[2m2026-09-17T11:22:24.988740Z[0m [33m WARN[0m [2mmedia_agent::port[0m[2m:[0m PortId 碰撞 (derive 键不含 direction/Analog 位折叠): 证据面不拒绝, registry 装配层将 fail-closed; 专门 collision closure 待后续 change [3mport_id[0m[2m=[0mf0f53b80-eefd-58f7-ac92-356e8a1bbe89 [3mfirst[0m[2m=[0mInput/Sdi/Known(1)@DeckLink SDI (2) [3msecond[0m[2m=[0mOutput/Sdi/Known(1)@DeckLink SDI (2)
WARN: sink.kind=rtmp 但 VBMF_OUTPUT_RTMP_URL 未设 ⇒ 降级纯分析 (fail-soft)
[2m2026-09-17T11:22:24.989617Z[0m [33m WARN[0m [2mmedia_agent::pipeline[0m[2m:[0m sink.kind=rtmp 但 VBMF_OUTPUT_RTMP_URL 未设 ⇒ 降级纯分析 (fail-soft)
[2m2026-09-17T11:22:24.989654Z[0m [33m WARN[0m [2mmedia_agent::pipeline[0m[2m:[0m sink.kind=rtmp 但 VBMF_OUTPUT_RTMP_URL 未设 ⇒ 降级纯分析 (fail-soft)
[2m2026-09-17T11:22:25.208890Z[0m [32m INFO[0m [2mmedia_agent[0m[2m:[0m GStreamer runtime version (evidence) [3mgst_version[0m[2m=[0m(1, 28, 2, 0)
[2m2026-09-17T11:22:25.208953Z[0m [32m INFO[0m [2mmedia_agent[0m[2m:[0m P0-7A Session create+start 全链通过 (SessionManager owner) [3msession[0m[2m=[0msession-f8bdb7028133466684b4d1a9a5e244c4
[2m2026-09-17T11:22:25.279704Z[0m [32m INFO[0m [2mmedia_agent[0m[2m:[0m A2-8-02-E Execution Group 就绪: ProgramExecutionRuntime 接管 (program 资源唯一 owner), MultiInputWatchdog 四观测面启动, Session 停止链经 hook 接 teardown [v1 topology=测试源仿真; 真机 SDI inter 系+MediaTap=A2-8-02-F] [3mgraph_handle[0m[2m=[0m3 [3minitial_active[0m[2m=[0m4fa33dcb-5f76-5f76-aea8-330df7ada03e
[2m2026-09-17T11:22:25.279944Z[0m [32m INFO[0m [2mmedia_agent[0m[2m:[0m media-agent canonical runtime loaded (health :8080; ingest via GStreamer started on lease acquire)
[2m2026-09-17T11:22:25.280173Z[0m [32m INFO[0m [2mmedia_agent[0m[2m:[0m health+api endpoints listening (internal-only; 经反向代理/认证暴露, 见用户 §二十二) [3mbind[0m[2m=[0m127.0.0.1:18081

(media-agent:3337370): GStreamer-Video-CRITICAL **: 19:22:25.553: gst_video_converter_new_with_pool: assertion 'in_info->interlace_mode == out_info->interlace_mode' failed

(media-agent:3337370): GStreamer-Video-CRITICAL **: 19:22:25.553: gst_video_converter_frame: assertion 'convert != NULL' failed

(media-agent:3337370): GStreamer-Video-CRITICAL **: 19:22:25.553: gst_video_converter_free: assertion 'convert != NULL' failed

(media-agent:3337370): GStreamer-Video-CRITICAL **: 19:22:25.558: gst_video_converter_new_with_pool: assertion 'in_info->interlace_mode == out_info->interlace_mode' failed

(media-agent:3337370): GStreamer-Video-CRITICAL **: 19:22:25.558: gst_video_converter_frame: assertion 'convert != NULL' failed

(media-agent:3337370): GStreamer-Video-CRITICAL **: 19:22:25.558: gst_video_converter_free: assertion 'convert != NULL' failed
[2m2026-09-17T11:22:25.780296Z[0m [32m INFO[0m [2mmedia_agent::watchdog[0m[2m:[0m A2-8-03-01-G 组 watchdog 活体观测行 (诊断输出, 零决策语义) [3mtick[0m[2m=[0m0 [3mbatch[0m[2m=[0m15 [3mcustody_evidence[0m[2m=[0m0 [3mprogram_advancing[0m[2m=[0mNone [3minputs[0m[2m=[0m["4fa33dcb-5f76-5f76-aea8-330df7ada03e observed=true advancing=true bridge=Some(true) domain=None", "6ede00d0-baf4-573f-a0dd-4a503bf7f766 observed=true advancing=true bridge=Some(true) domain=None"]

(media-agent:3337370): GStreamer-Video-CRITICAL **: 19:22:26.060: gst_video_converter_new_with_pool: assertion 'in_info->interlace_mode == out_info->interlace_mode' failed

(media-agent:3337370): GStreamer-Video-CRITICAL **: 19:22:26.061: gst_video_converter_frame: assertion 'convert != NULL' failed

(media-agent:3337370): GStreamer-Video-CRITICAL **: 19:22:26.061: gst_video_converter_free: assertion 'convert != NULL' failed
[2m2026-09-17T11:22:35.786595Z[0m [32m INFO[0m [2mmedia_agent::watchdog[0m[2m:[0m A2-8-03-01-G 组 watchdog 活体观测行 (诊断输出, 零决策语义) [3mtick[0m[2m=[0m20 [3mbatch[0m[2m=[0m0 [3mcustody_evidence[0m[2m=[0m0 [3mprogram_advancing[0m[2m=[0mSome(true) [3minputs[0m[2m=[0m["4fa33dcb-5f76-5f76-aea8-330df7ada03e observed=true advancing=true bridge=Some(true) domain=Some(None)", "6ede00d0-baf4-573f-a0dd-4a503bf7f766 observed=true advancing=true bridge=Some(true) domain=Some(None)"]
[2m2026-09-17T11:22:45.792781Z[0m [32m INFO[0m [2mmedia_agent::watchdog[0m[2m:[0m A2-8-03-01-G 组 watchdog 活体观测行 (诊断输出, 零决策语义) [3mtick[0m[2m=[0m40 [3mbatch[0m[2m=[0m0 [3mcustody_evidence[0m[2m=[0m0 [3mprogram_advancing[0m[2m=[0mSome(true) [3minputs[0m[2m=[0m["4fa33dcb-5f76-5f76-aea8-330df7ada03e observed=true advancing=true bridge=Some(true) domain=Some(None)", "6ede00d0-baf4-573f-a0dd-4a503bf7f766 observed=true advancing=true bridge=Some(true) domain=Some(None)"]
[2m2026-09-17T11:22:54.989742Z[0m [32m INFO[0m [2mmedia_agent[0m[2m:[0m E4_INGEST_ANATOMY [3mhandle[0m[2m=[0m1 [3manatomy[0m[2m=[0m{"video":{"buffers":722,"bytes_total":3987541440,"size_min_bytes":699840,"size_max_bytes":5529600,"sizes":[[699840,1],[5529600,721]],"sizes_overflow":0,"meta_counts":[[109927275465152,"GstReferenceTimestampMetaAPI",1444]],"meta_overflow":0,"no_pts":0,"pts_last_ns":29625329683,"pts_delta_min_ns":39921075,"pts_delta_max_ns":510377710,"pts_backward":0},"audio":{"buffers":725,"bytes_total":11133448,"size_min_bytes":12808,"size_max_bytes":15360,"sizes":[[12808,1],[15360,724]],"sizes_overflow":0,"meta_counts":[[109927275465152,"GstReferenceTimestampMetaAPI",1450]],"meta_overflow":0,"no_pts":0,"pts_last_ns":29745395833,"pts_delta_min_ns":33344513,"pts_delta_max_ns":517033197,"pts_backward":0},"bus_msgs_total":65}
[2m2026-09-17T11:22:54.989917Z[0m [32m INFO[0m [2mmedia_agent[0m[2m:[0m E4_INGEST_ANATOMY [3mhandle[0m[2m=[0m2 [3manatomy[0m[2m=[0m{"video":{"buffers":722,"bytes_total":3987541440,"size_min_bytes":699840,"size_max_bytes":5529600,"sizes":[[699840,1],[5529600,721]],"sizes_overflow":0,"meta_counts":[[109927275465152,"GstReferenceTimestampMetaAPI",1444]],"meta_overflow":0,"no_pts":0,"pts_last_ns":29625976992,"pts_delta_min_ns":39987470,"pts_delta_max_ns":510292197,"pts_backward":0},"audio":{"buffers":725,"bytes_total":11133448,"size_min_bytes":12808,"size_max_bytes":15360,"sizes":[[12808,1],[15360,724]],"sizes_overflow":0,"meta_counts":[[109927275465152,"GstReferenceTimestampMetaAPI",1450]],"meta_overflow":0,"no_pts":0,"pts_last_ns":29745520833,"pts_delta_min_ns":33347575,"pts_delta_max_ns":516944622,"pts_backward":0},"bus_msgs_total":65}
[2m2026-09-17T11:22:55.798591Z[0m [32m INFO[0m [2mmedia_agent::watchdog[0m[2m:[0m A2-8-03-01-G 组 watchdog 活体观测行 (诊断输出, 零决策语义) [3mtick[0m[2m=[0m60 [3mbatch[0m[2m=[0m0 [3mcustody_evidence[0m[2m=[0m0 [3mprogram_advancing[0m[2m=[0mSome(true) [3minputs[0m[2m=[0m["4fa33dcb-5f76-5f76-aea8-330df7ada03e observed=true advancing=true bridge=Some(true) domain=Some(None)", "6ede00d0-baf4-573f-a0dd-4a503bf7f766 observed=true advancing=true bridge=Some(true) domain=Some(None)"]

(media-agent:3337370): GStreamer-CRITICAL **: 19:22:57.940: gst_pad_unlink: assertion 'GST_PAD_IS_SRC (srcpad)' failed

(media-agent:3337370): GStreamer-CRITICAL **: 19:22:57.941: gst_pad_unlink: assertion 'GST_PAD_IS_SRC (srcpad)' failed

(media-agent:3337370): GStreamer-CRITICAL **: 19:22:57.941: gst_pad_unlink: assertion 'GST_PAD_IS_SRC (srcpad)' failed

(media-agent:3337370): GStreamer-CRITICAL **: 19:22:57.941: gst_pad_unlink: assertion 'GST_PAD_IS_SRC (srcpad)' failed
[2m2026-09-17T11:22:57.941623Z[0m [32m INFO[0m [2mmedia_agent::program_execution[0m[2m:[0m A2-8-02-E Program Execution Runtime teardown 完成（Program Stop→Tap Detach） [3msession[0m[2m=[0mf8bdb702-8133-4666-84b4-d1a9a5e244c4 [3mgraph[0m[2m=[0m3
[2m2026-09-17T11:22:58.300071Z[0m [32m INFO[0m [2mmedia_agent::watchdog[0m[2m:[0m A2-8-02-E group watchdog: 停止旗置位, 观测线程退出
