   Compiling proc-macro2 v1.0.107
   Compiling unicode-ident v1.0.24
   Compiling quote v1.0.47
   Compiling libc v0.2.189
   Compiling cfg-if v1.0.4
   Compiling glob v0.3.4
   Compiling serde_core v1.0.229
   Compiling prettyplease v0.2.37
   Compiling minimal-lexical v0.2.1
   Compiling regex-syntax v0.8.11
   Compiling memchr v2.8.3
   Compiling once_cell v1.21.4
   Compiling smallvec v1.15.2
   Compiling either v1.18.0
   Compiling autocfg v1.5.1
   Compiling bindgen v0.70.1
   Compiling parking_lot_core v0.9.12
   Compiling getrandom v0.4.3
   Compiling serde v1.0.229
   Compiling shlex v1.3.0
   Compiling bitflags v2.13.1
   Compiling zmij v1.0.23
   Compiling scopeguard v1.2.0
   Compiling rustc-hash v1.1.0
   Compiling log v0.4.34
   Compiling pin-project-lite v0.2.17
   Compiling serde_json v1.0.151
   Compiling thiserror v1.0.69
   Compiling lazy_static v1.5.0
   Compiling anyhow v1.0.104
   Compiling libloading v0.8.9
   Compiling lock_api v0.4.14
   Compiling thread_local v1.1.10
   Compiling sha1_smol v1.0.1
   Compiling sharded-slab v0.1.7
   Compiling itoa v1.0.18
   Compiling bytes v1.12.1
   Compiling nu-ansi-term v0.50.3
   Compiling iana-time-zone v0.1.65
   Compiling tracing-core v0.1.36
   Compiling itertools v0.13.0
   Compiling clang-sys v1.9.1
   Compiling num-traits v0.2.19
   Compiling nom v7.1.3
   Compiling tracing-log v0.2.0
   Compiling tracing-subscriber v0.3.23
   Compiling syn v2.0.119
   Compiling syn v3.0.4
   Compiling regex-automata v0.4.18
   Compiling errno v0.3.14
   Compiling mio v1.2.2
   Compiling socket2 v0.6.5
   Compiling signal-hook-registry v1.4.8
   Compiling parking_lot v0.12.5
   Compiling cexpr v0.6.0
   Compiling regex v1.13.1
   Compiling uuid v1.25.0
   Compiling serde_derive v1.0.229
   Compiling tokio-macros v2.7.2
   Compiling tokio v1.53.1
   Compiling thiserror-impl v1.0.69
   Compiling tracing-attributes v0.1.31
   Compiling tracing v0.1.44
   Compiling chrono v0.4.45
   Compiling media-agent v0.1.0 (/opt/vbmf/.staging-0.1.0-06bc01a-3516045/services/media-agent)
    Finished `release` profile [optimized] target(s) in 39.90s
installed 0.1.0-06bc01a
  git_commit_sha=06bc01afaf45808dc1b4d72e40c306ae08f8c351
  archive_sha256=0cdfa946aaac2d8633a2289838dc633a885c261cc57ef5a368cfc11e2dc6f3cc
  media_agent_sha256=172f46ace42a85070af96a91a9a788141cae643d8a4e74f923a4a5c02549f571
  var_lib=root:root 755
  current -> /opt/vbmf/current
