[h264 @ 0x634798abff80] Reinit context to 320x240, pix_fmt: yuv420p
Input #0, flv, from 'rtmp://10.30.15.10:19352/live/probe':
  Metadata:
    encoder         : Lavf63.6.100
  Duration: 00:00:03.00, start: 0.000000, bitrate: N/A
  Stream #0:0: Video: h264 (Constrained Baseline), 1 reference frame, yuv420p(progressive, left), 320x240 [SAR 1:1 DAR 4:3], 15 fps, 15 tbr, 1k tbn, start 0.023000
  Stream #0:1: Audio: aac (LC), 44100 Hz, mono, fltp, 69 kb/s
[out#0/mpegts @ 0x634798bc5c00] No explicit maps, mapping streams automatically...
[vost#0:0/copy @ 0x634798abf0c0] Created video stream from input stream 0:0
[aost#0:1/copy @ 0x634798abf380] Created audio stream from input stream 0:1
Stream mapping:
  Stream #0:0 -> #0:0 (copy)
  Stream #0:1 -> #0:1 (copy)
[mpegts @ 0x634798ac1480] service 1 using PCR in pid=256, pcr_period=67ms
[mpegts @ 0x634798ac1480] muxrate VBR, sdt every 500 ms, pat/pmt every 100 ms
Output #0, mpegts, to '/tmp/tg0-rf-src-rtmp-02/p1clean-out.ts':
  Metadata:
    encoder         : Lavf63.6.100
  Stream #0:0: Video: h264 (Constrained Baseline), 1 reference frame, yuv420p(progressive, left), 320x240 [SAR 1:1 DAR 4:3], q=2-31, 15 fps, 15 tbr, 90k tbn
  Stream #0:1: Audio: aac (LC), 44100 Hz, mono, fltp, 69 kb/s
[out#0/mpegts @ 0x634798bc5c00] Starting thread...
[in#0/flv @ 0x634798aad440] Starting thread...
Automatically inserted bitstream filter 'h264_mp4toannexb'; args=''
[in#0/flv @ 0x634798aad440] Error during demuxing: Input/output error
[in#0/flv @ 0x634798aad440] Terminating thread with success
[out#0/mpegts @ 0x634798bc5c00] All streams finished
[out#0/mpegts @ 0x634798bc5c00] Terminating thread with success
[AVIOContext @ 0x634798b0aac0] Statistics: 244776 bytes written, 0 seeks, 1 writeouts
[out#0/mpegts @ 0x634798bc5c00] Output file #0 (/tmp/tg0-rf-src-rtmp-02/p1clean-out.ts):
[out#0/mpegts @ 0x634798bc5c00]   Output stream #0:0 (video): 45 packets muxed (201840 bytes); 
[out#0/mpegts @ 0x634798bc5c00]   Output stream #0:1 (audio): 131 packets muxed (20525 bytes); 
[out#0/mpegts @ 0x634798bc5c00]   Total: 176 packets (222365 bytes) muxed
[out#0/mpegts @ 0x634798bc5c00] video:197KiB audio:20KiB subtitle:0KiB other streams:0KiB global headers:0KiB muxing overhead: 10.078475%
frame=   45 fps=0.0 q=-1.0 Lsize=     239KiB time=00:00:03.04 bitrate= 643.9kbits/s speed=7.64x elapsed=0:00:00.39    
[in#0/flv @ 0x634798aad440] Input file #0 (rtmp://10.30.15.10:19352/live/probe):
[in#0/flv @ 0x634798aad440]   Input stream #0:0 (video): 45 packets read (201840 bytes); 
[in#0/flv @ 0x634798aad440]   Input stream #0:1 (audio): 131 packets read (20525 bytes); 
[in#0/flv @ 0x634798aad440]   Total: 176 packets (222365 bytes) demuxed
[AVIOContext @ 0x634798abf900] Statistics: 225911 bytes read, 0 seeks

Exiting with exit code 0
