[2m2026-09-18T20:54:26.541151Z[0m [32m INFO[0m [2mmedia_agent::bootstrap[0m[2m:[0m adapter selection (P0-4 运维可见) [3mprovider[0m[2m=[0m"blackmagic" [3mbackend[0m[2m=[0m"gstreamer" [3mmode[0m[2m=[0m"production"
[2m2026-09-18T20:54:26.546171Z[0m [32m INFO[0m [2mmedia_agent::bootstrap[0m[2m:[0m device discovery complete [3mcount[0m[2m=[0m3
[2m2026-09-18T20:54:26.546312Z[0m [32m INFO[0m [2mmedia_agent::bootstrap[0m[2m:[0m lease acquired [3mdevice[0m[2m=[0m4fa33dcb-5f76-5f76-aea8-330df7ada03e
[2m2026-09-18T20:54:26.546349Z[0m [32m INFO[0m [2mmedia_agent::bootstrap[0m[2m:[0m lease acquired [3mdevice[0m[2m=[0m6ede00d0-baf4-573f-a0dd-4a503bf7f766
[2m2026-09-18T20:54:26.546370Z[0m [32m INFO[0m [2mmedia_agent::bootstrap[0m[2m:[0m lease acquired [3mdevice[0m[2m=[0m1afe2dcc-6d85-5b46-b7d6-e14102501c77
[2m2026-09-18T20:54:26.546394Z[0m [32m INFO[0m [2mmedia_agent::bootstrap[0m[2m:[0m lease re-acquire correctly rejected [3merror[0m[2m=[0mdevice 4fa33dcb-5f76-5f76-aea8-330df7ada03e already leased
[2m2026-09-18T20:54:26.546427Z[0m [32m INFO[0m [2mmedia_agent::bootstrap[0m[2m:[0m supervisor initialized [3mwatched[0m[2m=[0m3
[2m2026-09-18T20:54:26.546461Z[0m [32m INFO[0m [2mmedia_agent_gates[0m[2m:[0m SDK libDeckLinkAPI.so reachable, entry symbols present
=== A2-8 Dual Input Gate: L1→L5 真机五层验收开始 ===
[2m2026-09-18T20:54:31.123773Z[0m [33m WARN[0m [2mmedia_agent::port[0m[2m:[0m PortId 碰撞 (derive 键不含 direction/Analog 位折叠): 证据面不拒绝, registry 装配层将 fail-closed; 专门 collision closure 待后续 change [3mport_id[0m[2m=[0me43d8f5a-94f5-5c67-8ed3-cddee15df04a [3mfirst[0m[2m=[0mInput/Sdi/Known(1)@DeckLink SDI (1) [3msecond[0m[2m=[0mOutput/Sdi/Known(1)@DeckLink SDI (1)
[2m2026-09-18T20:54:31.123906Z[0m [33m WARN[0m [2mmedia_agent::port[0m[2m:[0m PortId 碰撞 (derive 键不含 direction/Analog 位折叠): 证据面不拒绝, registry 装配层将 fail-closed; 专门 collision closure 待后续 change [3mport_id[0m[2m=[0mf0f53b80-eefd-58f7-ac92-356e8a1bbe89 [3mfirst[0m[2m=[0mInput/Sdi/Known(1)@DeckLink SDI (2) [3msecond[0m[2m=[0mOutput/Sdi/Known(1)@DeckLink SDI (2)
=== A2-8 L1 端口证据（一一对应, H4）===
  4fa33dcb-5f76-5f76-aea8-330df7ada03e: handle=Some("46:00000000:002e4500") port_id=Some(e43d8f5a-94f5-5c67-8ed3-cddee15df04a) conn=Sdi ordinal=Known(1) dir=Input cap.input=Supported(true) cap.audio=Supported(true)(video-推导) dn=Some(0) signal=Some(true) prod_binding=true
  6ede00d0-baf4-573f-a0dd-4a503bf7f766: handle=Some("46:00000000:002e4400") port_id=Some(f0f53b80-eefd-58f7-ac92-356e8a1bbe89) conn=Sdi ordinal=Known(1) dir=Input cap.input=Supported(true) cap.audio=Supported(true)(video-推导) dn=Some(1) signal=Some(true) prod_binding=true
=== A2-8 L1a Identity/Binding: PASS === devices=[4fa33dcb-5f76-5f76-aea8-330df7ada03e, 6ede00d0-baf4-573f-a0dd-4a503bf7f766] bindings=2/2 production_grade
=== A2-8 L1b Capability(SDK mask): PASS === 4fa33dcb-5f76-5f76-aea8-330df7ada03e/Sdi/input=Supported(true) audio_input=Supported(true)(video-推导工程事实) | 6ede00d0-baf4-573f-a0dd-4a503bf7f766/Sdi/input=Supported(true) audio_input=Supported(true)(video-推导工程事实)
=== A2-8 L1c Signal Locked: PASS === 4fa33dcb-5f76-5f76-aea8-330df7ada03e/dn=Some(0)/signal=Some(true) | 6ede00d0-baf4-573f-a0dd-4a503bf7f766/dn=Some(1)/signal=Some(true)
=== A2-8 L1d Port↔Resource closure: PASS === 4fa33dcb-5f76-5f76-aea8-330df7ada03e: manifest_port=Some(e43d8f5a-94f5-5c67-8ed3-cddee15df04a) 唯一InputResource+ID对应=true | 6ede00d0-baf4-573f-a0dd-4a503bf7f766: manifest_port=Some(f0f53b80-eefd-58f7-ac92-356e8a1bbe89) 唯一InputResource+ID对应=true
=== A2-8 L2a Session dual-input: PASS === session=875bc014-3578-4f63-9f16-7d6e9f6d8a55 started_inputs=2 port_id=manifest port 已携带（H3: materialize 精确定位, 非 None 回退首端口）

(media-agent-gates:3422582): GStreamer-Video-CRITICAL **: 04:54:31.865: gst_video_converter_new_with_pool: assertion 'in_info->interlace_mode == out_info->interlace_mode' failed

(media-agent-gates:3422582): GStreamer-Video-CRITICAL **: 04:54:31.865: gst_video_converter_frame: assertion 'convert != NULL' failed

(media-agent-gates:3422582): GStreamer-Video-CRITICAL **: 04:54:31.865: gst_video_converter_free: assertion 'convert != NULL' failed

(media-agent-gates:3422582): GStreamer-Video-CRITICAL **: 04:54:31.932: gst_video_converter_new_with_pool: assertion 'in_info->interlace_mode == out_info->interlace_mode' failed

(media-agent-gates:3422582): GStreamer-Video-CRITICAL **: 04:54:31.932: gst_video_converter_frame: assertion 'convert != NULL' failed

(media-agent-gates:3422582): GStreamer-Video-CRITICAL **: 04:54:31.932: gst_video_converter_free: assertion 'convert != NULL' failed
=== A2-8 L2b MediaTap/Bridge wired: PASS === tap-4fa33dcb-5f76-5f76-aea8-330df7ada03e: frames=Some(83) | tap-6ede00d0-baf4-573f-a0dd-4a503bf7f766: frames=Some(82)
=== A2-8 L2c RF-NORM-01 exact V+A: PASS === video=ObservedExact audio=ObservedExact complete=true
=== A2-8 L3 Program output advancing: PASS === video_frames 19→19 audio_frames 160→280 pts v=Some(720000000)/a=Some(6975578303) state v=ValidMonotonic
=== A2-8 L4 三列 PTS 证据（pre-switch; 只测量）===
  [pre A] 4fa33dcb-5f76-5f76-aea8-330df7ada03e in(v/a)=Some(7000882297)/Some(7000833333) bridge(v/a)=Some(7040882303)/Some(7160833333) prog(v/a)=Some(720000000)/Some(6975578303) states in=ValidMonotonic/ValidMonotonic bridge=ValidMonotonic/ValidMonotonic prog=ValidMonotonic/ValidMonotonic alive=true
  [pre B] 6ede00d0-baf4-573f-a0dd-4a503bf7f766 in(v/a)=Some(7011082016)/Some(7010979166) bridge(v/a)=Some(7051087318)/Some(7170979166) prog(v/a)=Some(720000000)/Some(6975578303) states in=ValidMonotonic/ValidMonotonic bridge=ValidMonotonic/ValidMonotonic prog=ValidMonotonic/ValidMonotonic alive=true
=== A2-8-04 六路逐平面取证（observation only·不判定·无阈值）===
  [PRE A] dev=4fa33dcb-5f76-5f76-aea8-330df7ada03e phase=PreSwitch epoch=0 av_delta=Some(9280578303)ns | in_v(pts=Some(10000884882) st=ValidMonotonic fr=Some(229) adv=Some(true)) in_a(pts=Some(10000833333) st=ValidMonotonic fr=Some(229) adv=Some(true)) br_v(pts=Some(10040884928) st=ValidMonotonic fr=Some(230) adv=Some(true)) br_a(pts=Some(10160833333) st=ValidMonotonic fr=Some(233) adv=Some(true)) pr_v(pts=Some(720000000) st=ValidMonotonic fr=Some(19) adv=Some(false)) pr_a(pts=Some(10000578303) st=ValidMonotonic fr=Some(401) adv=Some(true))
  [PRE B] dev=6ede00d0-baf4-573f-a0dd-4a503bf7f766 phase=PreSwitch epoch=0 av_delta=Some(9280578303)ns | in_v(pts=Some(10011136033) st=ValidMonotonic fr=Some(228) adv=Some(true)) in_a(pts=Some(10010979166) st=ValidMonotonic fr=Some(228) adv=Some(true)) br_v(pts=Some(10051136743) st=ValidMonotonic fr=Some(229) adv=Some(true)) br_a(pts=Some(10170979166) st=ValidMonotonic fr=Some(232) adv=Some(true)) pr_v(pts=Some(720000000) st=ValidMonotonic fr=Some(19) adv=Some(false)) pr_a(pts=Some(10000578303) st=ValidMonotonic fr=Some(401) adv=Some(true))
=== A2-8 L4 三列 PTS 证据（post-switch; 只测量）===
  [post A] 4fa33dcb-5f76-5f76-aea8-330df7ada03e in(v/a)=Some(14200869337)/Some(14200833333) bridge(v/a)=Some(14240869266)/Some(14360833333) prog(v/a)=Some(4920000000)/Some(14175578303) states in=ValidMonotonic/ValidMonotonic bridge=ValidMonotonic/ValidMonotonic prog=DiscontinuityDeclared/DiscontinuityDeclared alive=true
  [post B] 6ede00d0-baf4-573f-a0dd-4a503bf7f766 in(v/a)=Some(14211181375)/Some(14210979166) bridge(v/a)=Some(14251181927)/Some(14330979166) prog(v/a)=Some(4920000000)/Some(14175578303) states in=ValidMonotonic/ValidMonotonic bridge=ValidMonotonic/ValidMonotonic prog=DiscontinuityDeclared/DiscontinuityDeclared alive=true
  [SPAN A] dev=4fa33dcb-5f76-5f76-aea8-330df7ada03e phase=PostSwitch epoch=1 av_delta=Some(9255578303)ns | in_v(pts=Some(14200869337) st=ValidMonotonic fr=Some(334) adv=Some(true)) in_a(pts=Some(14200833333) st=ValidMonotonic fr=Some(334) adv=Some(true)) br_v(pts=Some(14240869266) st=ValidMonotonic fr=Some(335) adv=Some(true)) br_a(pts=Some(14360833333) st=ValidMonotonic fr=Some(338) adv=Some(true)) pr_v(pts=Some(4920000000) st=DiscontinuityDeclared fr=Some(123) adv=Some(true)) pr_a(pts=Some(14175578303) st=DiscontinuityDeclared fr=Some(567) adv=Some(true))
  [SPAN B] dev=6ede00d0-baf4-573f-a0dd-4a503bf7f766 phase=PostSwitch epoch=1 av_delta=Some(9255578303)ns | in_v(pts=Some(14211181375) st=ValidMonotonic fr=Some(333) adv=Some(true)) in_a(pts=Some(14210979166) st=ValidMonotonic fr=Some(333) adv=Some(true)) br_v(pts=Some(14251181927) st=ValidMonotonic fr=Some(334) adv=Some(true)) br_a(pts=Some(14330979166) st=ValidMonotonic fr=Some(336) adv=Some(true)) pr_v(pts=Some(4920000000) st=DiscontinuityDeclared fr=Some(123) adv=Some(true)) pr_a(pts=Some(14175578303) st=DiscontinuityDeclared fr=Some(567) adv=Some(true))
  [POST A] dev=4fa33dcb-5f76-5f76-aea8-330df7ada03e phase=PostSwitch epoch=1 av_delta=Some(9295578303)ns | in_v(pts=Some(17200876193) st=ValidMonotonic fr=Some(409) adv=Some(true)) in_a(pts=Some(17200833333) st=ValidMonotonic fr=Some(409) adv=Some(true)) br_v(pts=Some(17240876195) st=ValidMonotonic fr=Some(410) adv=Some(true)) br_a(pts=Some(17360833333) st=ValidMonotonic fr=Some(413) adv=Some(true)) pr_v(pts=Some(7880000000) st=DiscontinuityDeclared fr=Some(197) adv=Some(true)) pr_a(pts=Some(17175578303) st=DiscontinuityDeclared fr=Some(687) adv=Some(true))
  [POST B] dev=6ede00d0-baf4-573f-a0dd-4a503bf7f766 phase=PostSwitch epoch=1 av_delta=Some(9295578303)ns | in_v(pts=Some(17211213411) st=ValidMonotonic fr=Some(408) adv=Some(true)) in_a(pts=Some(17210979166) st=ValidMonotonic fr=Some(408) adv=Some(true)) br_v(pts=Some(17251213905) st=ValidMonotonic fr=Some(409) adv=Some(true)) br_a(pts=Some(17330979166) st=ValidMonotonic fr=Some(411) adv=Some(true)) pr_v(pts=Some(7880000000) st=DiscontinuityDeclared fr=Some(197) adv=Some(true)) pr_a(pts=Some(17175578303) st=DiscontinuityDeclared fr=Some(687) adv=Some(true))
=== A2-8 L4 Timing/switch+timeline(A→B): PASS === switch epoch=1 observed=Some(6ede00d0-baf4-573f-a0dd-4a503bf7f766) completed=true prog_v=Some(4920000000) state=DiscontinuityDeclared switch_ok=true | timeline_ok=true outcome=Preserved { epoch: ProgramEpoch(0), mapped: TimelineMapped { program_epoch: ProgramEpoch(0), source_id: 6ede00d0-baf4-573f-a0dd-4a503bf7f766, segment_id: SegmentId(1), mapping: SourceSegment { source_id: 6ede00d0-baf4-573f-a0dd-4a503bf7f766, program_epoch: ProgramEpoch(0), segment_id: SegmentId(1), source_start_pts: 9960000000, program_start_pts: 720000000, offset: -9240000000 }, evidence: TimelineTransitionEvidence { declared_segment: SegmentId(1), observed_segment: SegmentId(1), program_epoch: ProgramEpoch(0), source_id: 6ede00d0-baf4-573f-a0dd-4a503bf7f766, source_pts: 10040000000, mapped_program_pts: 800000000, mapping_offset: -9240000000, video_continuity: Continuous, audio_continuity: Continuous, discontinuity_state: DiscontinuityDeclared, undeclared_backward_jump: None } } } epoch=ProgramEpoch(0) seg=Some(SegmentId(1)) src_pts=Some(10040000000) mapped=Some(880000000) offset=Some(-9240000000) v/a=Continuous/Continuous disc=DiscontinuityDeclared
[2m2026-09-18T20:54:57.664475Z[0m [32m INFO[0m [2mmedia_agent::adapters::gstreamer::controller[0m[2m:[0m A2-8-02-D recover: tap 簿记重放成功 (新管线) [3mhandle[0m[2m=[0m1 [3mchannel[0m[2m=[0mtap-4fa33dcb-5f76-5f76-aea8-330df7ada03e
[2m2026-09-18T20:55:16.485128Z[0m [32m INFO[0m [2mmedia_agent::adapters::gstreamer::controller[0m[2m:[0m A2-8-02-D recover: tap 簿记重放成功 (新管线) [3mhandle[0m[2m=[0m2 [3mchannel[0m[2m=[0mtap-6ede00d0-baf4-573f-a0dd-4a503bf7f766

(media-agent-gates:3422582): GStreamer-Video-CRITICAL **: 04:55:16.858: gst_video_converter_new_with_pool: assertion 'in_info->interlace_mode == out_info->interlace_mode' failed

(media-agent-gates:3422582): GStreamer-Video-CRITICAL **: 04:55:16.858: gst_video_converter_frame: assertion 'convert != NULL' failed

(media-agent-gates:3422582): GStreamer-Video-CRITICAL **: 04:55:16.858: gst_video_converter_free: assertion 'convert != NULL' failed
=== A2-8 L5 Failure isolation/recover: PASS === A-fail→B-alive=true (inputA_advancing=false bridgeB_alive=true program_advancing=true) | recover-A→桥复流=true (recovered=true bridgeA_alive=true degraded=false) | B-fail→A-alive=true (bridgeB_alive=false bridgeA_alive=true) | 故障域归因完整=true (A行=None B行=Input; B故障归Input·A无越域归因·Program输出=非权威证据[inter合成帧语义·advancing=true v 792->867 a 1638->1758])
=== A2-8 L5 Supervisor 角色: recovery decision 非 switch executor——切换经 SwitchExecutionAdapter 直驱, Supervisor 未持有 switch 面（wiring 事实）===

(media-agent-gates:3422582): GStreamer-CRITICAL **: 04:55:19.491: gst_pad_unlink: assertion 'GST_PAD_IS_SRC (srcpad)' failed

(media-agent-gates:3422582): GStreamer-CRITICAL **: 04:55:19.492: gst_pad_unlink: assertion 'GST_PAD_IS_SRC (srcpad)' failed

(media-agent-gates:3422582): GStreamer-CRITICAL **: 04:55:19.492: gst_pad_unlink: assertion 'GST_PAD_IS_SRC (srcpad)' failed

(media-agent-gates:3422582): GStreamer-CRITICAL **: 04:55:19.492: gst_pad_unlink: assertion 'GST_PAD_IS_SRC (srcpad)' failed
[2m2026-09-18T20:55:19.492818Z[0m [32m INFO[0m [2mmedia_agent::program_execution[0m[2m:[0m A2-8-02-E Program Execution Runtime teardown 完成（Program Stop→Tap Detach） [3msession[0m[2m=[0m875bc014-3578-4f63-9f16-7d6e9f6d8a55 [3mgraph[0m[2m=[0m3
=== A2-8 Teardown 停止链: PASS === session_stop=true program_runtime_inactive=true phase_released=true (Program Stop→Tap Detach→Input Stop→Release)
=== A2-8 Dual Input Gate: ALL PASS (11/11 verdicts; 全链完成 L0→L5+Teardown) ===
