warning: method `inject_pre_executed_segment` is never used
   --> src/adapters/gstreamer/switch_graph.rs:710:19
    |
686 | impl GStreamerSwitchAdapter {
    | --------------------------- method in this implementation
...
710 |     pub(crate) fn inject_pre_executed_segment(
    |                   ^^^^^^^^^^^^^^^^^^^^^^^^^^^
    |
    = note: `#[warn(dead_code)]` (part of `#[warn(unused)]`) on by default

warning: `media-agent` (lib test) generated 1 warning
    Finished `test` profile [unoptimized + debuginfo] target(s) in 0.10s
     Running unittests src/lib.rs (target/debug/deps/media_agent-e77d5a3a455096c6)

running 12 tests
test adapters::gstreamer::controller::rh_bus_02_deliver_tests::rh_bus_02_fatal_overflow_fallback_is_per_handle ... ok
test adapters::gstreamer::controller::rh_bus_02_deliver_tests::rh_bus_02_successful_send_no_fallback_duplicate ... ok
test adapters::gstreamer::controller::rh_bus_02_deliver_tests::rh_bus_02_nonfatal_overflow_is_not_fatal_fallback ... ok
test watchdog::rh_bus_02_tests::rh_bus_02_canonical_events_drive_only_owning_device ... ok
test watchdog::rh_bus_02_tests::rh_bus_02_bus_fatal_and_fold_failure_dedup ... ok
test watchdog::rh_bus_02_tests::rh_bus_02_clock_lost_attributed_counted_no_restart ... ok
test watchdog::rh_bus_02_tests::rh_bus_02_error_and_eos_map_to_exact_canonical_pipeline_fault ... ok
test watchdog::rh_bus_02_tests::rh_bus_02_health_bus_counters_and_acceptance ... ok
test watchdog::rh_bus_02_tests::rh_bus_02_mismatched_handle_rejected_not_reattributed ... ok
test watchdog::rh_bus_02_tests::rh_bus_02_nil_unrelated_echo_excluded_from_group_candidates ... ok
test adapters::gstreamer::controller::rh_bus_isolation_tests::rh_bus_01_dual_pipelines_both_receive_bus_evidence ... ok
test adapters::gstreamer::controller::rh_bus_isolation_tests::rh_bus_01_recover_restores_watch_stop_leaves_no_residual ... ok

test result: ok. 12 passed; 0 failed; 0 ignored; 0 measured; 266 filtered out; finished in 0.83s

     Running unittests src/bin/media-agent.rs (target/debug/deps/media_agent-473cabc722cf18f8)

running 0 tests

test result: ok. 0 passed; 0 failed; 0 ignored; 0 measured; 0 filtered out; finished in 0.00s

     Running unittests src/bin/gates.rs (target/debug/deps/media_agent_gates-3c36c6502a0a9d06)

running 0 tests

test result: ok. 0 passed; 0 failed; 0 ignored; 0 measured; 0 filtered out; finished in 0.00s

     Running tests/control_plane_concurrency_probe.rs (target/debug/deps/control_plane_concurrency_probe-d2f54d1ad828fb8c)

running 0 tests

test result: ok. 0 passed; 0 failed; 0 ignored; 0 measured; 0 filtered out; finished in 0.00s

     Running tests/switch_fault_probe.rs (target/debug/deps/switch_fault_probe-d7da61589c8c0180)

running 0 tests

test result: ok. 0 passed; 0 failed; 0 ignored; 0 measured; 0 filtered out; finished in 0.00s

